[2026-07-27 17:51:31] [Info] 正在載入腳本...
[2026-07-27 19:11:13] [Info] 正在載入腳本...
[2026-07-27 19:13:20] [Info] 正在載入腳本...
[2026-07-27 19:14:53] [Info] 正在載入腳本...
[2026-07-27 19:14:58] [Info] >>> 正在啟動 [已實現損益] 報表模組...
[2026-07-27 19:15:00] [Info] ✅ 成功匯出 CSV: C:\person\Me\Money\person_dashboard\output\history_data\Realized_pnl\20260727_ALL1231_realized_pnl.csv (筆數: 38)
[2026-07-27 19:22:43] [Info] >>> 進入 [刪除交易紀錄] 流程...
[2026-07-27 19:23:19] [Info] 已刪除 10 筆交易紀錄
[2026-07-27 19:23:23] [Info] >>> 進入 [交易明細錄入] 流程...
[2026-07-27 19:23:23] [Info] 已載入股票列表 (26 筆)
[2026-07-27 19:24:17] [Info] 已新增交易紀錄: 2026/07/22 | 1303 | 南亞 | 買進 ...
[2026-07-27 19:26:40] [Info] >>> 進入 [交易明細錄入] 流程...
[2026-07-27 19:26:40] [Info] 已載入股票列表 (26 筆)
[2026-07-27 19:27:20] [Info] 已新增交易紀錄: 2026/07/22 | 1303 | 南亞 | 賣出 ...
[2026-07-27 19:27:33] [Info] >>> 正在啟動 [已實現損益] 報表模組...
[2026-07-27 19:27:35] [Info] ✅ 成功匯出 CSV: C:\person\Me\Money\person_dashboard\output\history_data\Realized_pnl\20260727_ALL1231_realized_pnl.csv (筆數: 36)
[2026-07-27 19:28:55] [Info] >>> 進入 [交易明細錄入] 流程...
[2026-07-27 19:28:55] [Info] 已載入股票列表 (26 筆)
[2026-07-27 19:29:33] [Info] 已新增交易紀錄: 2026/07/22 | 1303 | 南亞 | 買進 ...
[2026-07-27 19:29:52] [Info] 已新增交易紀錄: 2026/07/22 | 1303 | 南亞 | 賣出 ...
[2026-07-27 19:30:01] [Info] >>> 正在啟動 [已實現損益] 報表模組...
[2026-07-27 19:30:04] [Info] ✅ 成功匯出 CSV: C:\person\Me\Money\person_dashboard\output\history_data\Realized_pnl\20260727_ALL1231_realized_pnl.csv (筆數: 36)
[2026-07-27 19:34:01] [Info] 正在載入腳本...
[2026-07-27 19:34:04] [Info] >>> 正在啟動 [已實現損益] 報表模組...
[2026-07-27 19:34:06] [Info] ✅ 成功匯出 CSV: C:\person\Me\Money\person_dashboard\output\history_data\Realized_pnl\20260727_ALL1231_realized_pnl.csv (筆數: 37)
[2026-07-27 19:34:44] [Info] >>> 進入 [交易明細錄入] 流程...
[2026-07-27 19:34:44] [Info] 已載入股票列表 (26 筆)
[2026-07-27 19:35:13] [Info] 已新增交易紀錄: 2026/07/23 | 2344 | 華邦電 | 買進 ...
[2026-07-27 19:35:29] [Info] >>> 進入 [交易明細錄入] 流程...
[2026-07-27 19:35:29] [Info] 已載入股票列表 (26 筆)
[2026-07-27 19:35:49] [Info] 已新增交易紀錄: 2026/07/23 | 2344 | 華邦電 | 賣出 ...
[2026-07-27 19:36:17] [Info] 已新增交易紀錄: 2026/07/24 | 3357 | 臺慶科 | 買進 ...
[2026-07-27 19:36:39] [Info] 已新增交易紀錄: 2026/07/24 | 3357 | 臺慶科 | 賣出 ...
[2026-07-27 19:37:15] [Info] >>> 正在啟動 [已實現損益] 報表模組...
[2026-07-27 19:37:18] [Info] >>> 進入 [交易明細錄入] 流程...
[2026-07-27 19:37:18] [Info] 已載入股票列表 (26 筆)
[2026-07-27 19:38:02] [Info] 已新增交易紀錄: 2026/07/24 | 1303 | 南亞 | 買進 ...
[2026-07-27 19:38:18] [Info] 已新增交易紀錄: 2026/07/24 | 1303 | 南亞 | 賣出 ...
[2026-07-27 19:38:29] [Info] >>> 正在啟動 [已實現損益] 報表模組...
[2026-07-27 19:38:30] [Info] ✅ 成功匯出 CSV: C:\person\Me\Money\person_dashboard\output\history_data\Realized_pnl\20260727_ALL1231_realized_pnl.csv (筆數: 40)
[2026-07-27 19:39:05] [Info] >>> 進入 [交易明細錄入] 流程...
[2026-07-27 19:39:05] [Info] 已載入股票列表 (26 筆)
[2026-07-27 19:39:42] [Info] 已新增交易紀錄: 2026/07/27 | 2408 | 南亞科 | 買進 ...
[2026-07-27 19:40:17] [Info] 已新增交易紀錄: 2026/07/27 | 2408 | 南亞科 | 賣出 ...
[2026-07-27 19:41:02] [Info] 已新增交易紀錄: 2026/07/27 | 2408 | 南亞科 | 買進 ...
[2026-07-27 19:41:23] [Info] 已新增交易紀錄: 2026/07/27 | 2408 | 南亞科 | 賣出 ...
[2026-07-27 19:41:52] [Info] ✅ 已更新 stock_list.txt
[2026-07-27 19:42:07] [Info] 已新增交易紀錄: 2026/07/27 | 2327 | 國巨 | 買進 ...
[2026-07-27 19:42:17] [Info] 正在載入腳本...
[2026-07-27 19:42:19] [Info] >>> 進入 [交易明細錄入] 流程...
[2026-07-27 19:42:19] [Info] 已載入股票列表 (27 筆)
[2026-07-27 19:42:37] [Info] 已新增交易紀錄: 2026/07/27 | 2327 | 國巨 | 賣出 ...
[2026-07-27 19:42:44] [Info] >>> 正在啟動 [已實現損益] 報表模組...
[2026-07-27 19:42:45] [Info] ✅ 成功匯出 CSV: C:\person\Me\Money\person_dashboard\output\history_data\Realized_pnl\20260727_ALL1231_realized_pnl.csv (筆數: 43)
[2026-07-27 19:43:26] [Info] >>> 進入 [交易明細錄入] 流程...
[2026-07-27 19:43:26] [Info] 已載入股票列表 (27 筆)
[2026-07-27 19:43:48] [Info] 已新增交易紀錄: 2026/07/27 | 1303 | 南亞 | 買進 ...
[2026-07-27 19:44:07] [Info] 已新增交易紀錄: 2026/07/27 | 1303 | 南亞 | 賣出 ...
[2026-07-27 19:44:13] [Info] >>> 正在啟動 [已實現損益] 報表模組...
[2026-07-27 19:44:14] [Info] ✅ 成功匯出 CSV: C:\person\Me\Money\person_dashboard\output\history_data\Realized_pnl\20260727_ALL1231_realized_pnl.csv (筆數: 44)
[2026-07-28 11:16:47] [Info] 正在載入腳本...
[2026-07-28 11:16:50] [Info] >>> 進入 [交易明細錄入] 流程...
[2026-07-28 11:16:50] [Info] 已載入股票列表 (27 筆)
[2026-07-28 11:17:35] [Info] ✅ 已更新 stock_list.txt
[2026-07-28 11:17:54] [Info] 已新增交易紀錄: 2026/07/28 | 4991 | 環宇-KY | 買進 ...
[2026-07-28 11:17:59] [Info] 正在載入腳本...
[2026-07-28 11:18:01] [Info] >>> 進入 [交易明細錄入] 流程...
[2026-07-28 11:18:01] [Info] 已載入股票列表 (28 筆)
[2026-07-28 11:18:24] [Info] 已新增交易紀錄: 2026/07/28 | 4991 | 環宇-KY | 賣出 ...
[2026-07-28 11:18:55] [Info] 已新增交易紀錄: 2026/07/28 | 2455 | 全新 | 買進 ...
[2026-07-28 11:19:19] [Info] 已新增交易紀錄: 2026/07/28 | 2455 | 全新 | 賣出 ...
[2026-07-28 11:19:56] [Info] 已新增交易紀錄: 2026/07/28 | 3450 | 聯鈞 | 買進 ...
[2026-07-28 11:20:19] [Info] 已新增交易紀錄: 2026/07/28 | 3450 | 聯鈞 | 賣出 ...
[2026-07-28 11:20:24] [Info] >>> 正在啟動 [已實現損益] 報表模組...
[2026-07-28 11:20:27] [Info] ✅ 成功匯出 CSV: C:\person\Me\Money\person_dashboard\output\history_data\Realized_pnl\20260728_ALL1231_realized_pnl.csv (筆數: 47)
[2026-07-30 14:13:42] [Info] 正在載入腳本...
[2026-07-30 14:13:46] [Info] >>> 進入 [交易明細錄入] 流程...
[2026-07-30 14:13:46] [Info] 已載入股票列表 (28 筆)
[2026-07-30 14:14:51] [Info] 已新增交易紀錄: 2026/07/29 | 3260 | 威剛 | 買進 ...
[2026-07-30 14:15:15] [Info] 已新增交易紀錄: 2026/07/29 | 3260 | 威剛 | 賣出 ...
[2026-07-30 14:15:40] [Info] ✅ 已更新 stock_list.txt
[2026-07-30 14:15:57] [Info] 已新增交易紀錄: 2026/07/29 | 2472 | 立隆電 | 買進 ...
[2026-07-30 14:16:06] [Info] 正在載入腳本...
[2026-07-30 14:16:07] [Info] >>> 進入 [交易明細錄入] 流程...
[2026-07-30 14:16:07] [Info] 已載入股票列表 (29 筆)
[2026-07-30 14:16:36] [Info] 已新增交易紀錄: 2026/07/29 | 2472 | 立隆電 | 賣出 ...
[2026-07-30 14:16:40] [Info] >>> 正在啟動 [已實現損益] 報表模組...
[2026-07-30 14:16:44] [Info] ✅ 成功匯出 CSV: C:\person\Me\Money\person_dashboard\output\history_data\Realized_pnl\20260730_ALL1231_realized_pnl.csv (筆數: 49)
[2026-08-15 10:49:07] [Info] 正在載入腳本...
[2026-08-15 10:49:10] [Info] >>> 正在啟動 [銀行資產] 模組...
[2026-08-15 10:49:11] [Info] 已載入帳戶列表 (14 筆)
[2026-08-15 10:49:31] [Info] ✅ 富邦 : 79309
[2026-08-15 10:50:56] [Info] ✅ 元大CMA : 61293
[2026-08-15 10:51:05] [Info] ✅ 元大 : 0
[2026-08-15 10:51:37] [Info] ✅ 國泰證券交割戶 : 77747
[2026-08-15 10:51:56] [Info] ✅ 將來 : 1727
[2026-08-15 10:52:40] [Info] ✅ 台新Richart : 0
[2026-08-15 10:52:54] [Info] ✅ ipass : 277
[2026-08-15 10:53:03] [Info] ✅ 國泰(青年子帳戶) : 95
[2026-08-15 10:53:17] [Info] ✅ LINEPAY : 355
[2026-08-15 10:53:22] [Info] ✅ 休閒金 : 1000
[2026-08-15 10:53:43] [Info] ✅ 股票(國泰) : 0
[2026-08-15 10:54:08] [Info] ✅ 股票(元大) : 158525
[2026-08-15 10:54:28] [Info] ✅ 富邦信用卡(負債) : 8136
[2026-08-15 10:54:42] [Info] ✅ 台新信用卡(負債) : -31843
[2026-08-15 10:54:43] [Info] ✅ 成功匯出 CSV: C:\person\Me\Money\person_dashboard\output\history_data\Bank_assets\20260815_bank_assets.csv (筆數: 14)
[2026-08-15 10:54:49] [Info] >>> 正在啟動 [銀行資產] 模組...
[2026-08-15 10:54:49] [Info] 已載入帳戶列表 (14 筆)
[2026-08-15 10:54:57] [Info] ✅ 富邦 : 79309
[2026-08-15 10:55:01] [Info] ✅ 元大CMA : 61293
[2026-08-15 10:55:02] [Info] ✅ 元大 : 0
[2026-08-15 10:55:05] [Info] ✅ 國泰證券交割戶 : 77747
[2026-08-15 10:55:08] [Info] ✅ 將來 : 1727
[2026-08-15 10:55:09] [Info] ✅ 台新Richart : 0
[2026-08-15 10:55:12] [Info] ✅ ipass : 277
[2026-08-15 10:55:14] [Info] ✅ 國泰(青年子帳戶) : 95
[2026-08-15 10:55:17] [Info] ✅ LINEPAY : 355
[2026-08-15 10:55:19] [Info] ✅ 休閒金 : 1000
[2026-08-15 10:55:21] [Info] ✅ 股票(國泰) : 0
[2026-08-15 10:55:43] [Info] ✅ 股票(元大) : 158525
[2026-08-15 10:55:51] [Info] ✅ 富邦信用卡(負債) : -8136
[2026-08-15 10:55:58] [Info] ✅ 台新信用卡(負債) : -31843
[2026-08-15 10:55:58] [Info] ✅ 成功匯出 CSV: C:\person\Me\Money\person_dashboard\output\history_data\Bank_assets\20260815_bank_assets.csv (筆數: 14)
[2026-08-15 10:56:05] [Info] >>> 正在啟動 [資料合併] 模組...
[2026-08-15 10:56:12] [Error] ❌ 年份格式錯誤
[2026-08-15 10:56:19] [Info] >>> 正在啟動 [資料合併] 模組...
[2026-08-15 10:56:24] [Info] 已載入股票列表 (29 筆)
[2026-08-15 10:56:24] [Info] 已載入股票對照表 (共 29 筆)，將自動統一 CSV 代號格式
[2026-08-15 10:56:27] [Info] ✅ 合併成功: ALL_HISTORY_stock_holdings.csv (共 43 筆資料)
[2026-08-15 10:56:33] [Info] ✅ 合併成功: ALL_HISTORY_bank_assets.csv (共 136 筆資料)
[2026-08-15 10:56:35] [Info] ✅ 合併成功: 2026_ANNUAL_realized_pnl.csv (共 46 筆資料)
[2026-08-18 14:33:41] [Info] 正在載入腳本...
[2026-08-18 14:33:45] [Info] >>> 進入 [交易明細錄入] 流程...
[2026-08-18 14:33:45] [Info] 已載入股票列表 (29 筆)
[2026-08-18 14:35:02] [Info] 已新增交易紀錄: 2026/08/18 | 6451 | 訊芯-KY | 買進 ...
[2026-09-21 14:02:56] [Info] 正在載入腳本...
[2026-09-21 14:03:01] [Info] >>> 進入 [交易明細錄入] 流程...
[2026-09-21 14:03:01] [Info] 已載入股票列表 (29 筆)
[2026-09-21 14:03:50] [Info] ✅ 已更新 stock_list.txt
[2026-09-21 14:04:05] [Info] 已新增交易紀錄: 2026/09/21 | 2308 | 台達電 | 買進 ...
[2026-09-21 14:04:34] [Info] ✅ 已更新 stock_list.txt
[2026-09-21 14:04:53] [Info] 已新增交易紀錄: 2026/09/21 | 5314 | 世紀 | 買進 ...
[2026-09-21 14:05:09] [Info] 正在載入腳本...
[2026-09-24 17:59:22] [Info] 正在載入腳本...
